23:42:52 **** Auto Build of configuration Debug for project standalone_drivers ****
make all 
Building file: ../src/ADC/MAX1163.c
Invoking: ARM gcc compiler
arm-xilinx-eabi-gcc -Wall -O0 -g3 -c -fmessage-length=0 -MT"src/ADC/MAX1163.o" -I../../standalone_drivers_bsp/ps7_cortexa9_0/include -MMD -MP -MF"src/ADC/MAX1163.d" -MT"src/ADC/MAX1163.d" -o "src/ADC/MAX1163.o" "../src/ADC/MAX1163.c"
Finished building: ../src/ADC/MAX1163.c
 
Building file: ../src/main.c
Invoking: ARM gcc compiler
arm-xilinx-eabi-gcc -Wall -O0 -g3 -c -fmessage-length=0 -MT"src/main.o" -I../../standalone_drivers_bsp/ps7_cortexa9_0/include -MMD -MP -MF"src/main.d" -MT"src/main.d" -o "src/main.o" "../src/main.c"
Finished building: ../src/main.c
 
Building file: ../src/platform.c
Invoking: ARM gcc compiler
arm-xilinx-eabi-gcc -Wall -O0 -g3 -c -fmessage-length=0 -MT"src/platform.o" -I../../standalone_drivers_bsp/ps7_cortexa9_0/include -MMD -MP -MF"src/platform.d" -MT"src/platform.d" -o "src/platform.o" "../src/platform.c"
Finished building: ../src/platform.c
 
Building target: standalone_drivers.elf
Invoking: ARM gcc linker
arm-xilinx-eabi-gcc -Wl,-T -Wl,../src/lscript.ld -L../../standalone_drivers_bsp/ps7_cortexa9_0/lib -o "standalone_drivers.elf"  ./src/ADC/MAX1163.o  ./src/main.o ./src/platform.o   -Wl,--start-group,-lxil,-lgcc,-lc,--end-group
Finished building target: standalone_drivers.elf
 
Invoking: ARM Print Size
arm-xilinx-eabi-size standalone_drivers.elf  |tee "standalone_drivers.elf.size"
   text	   data	    bss	    dec	    hex	filename
  26544	   1160	  22564	  50268	   c45c	standalone_drivers.elf
Finished building: standalone_drivers.elf.size
 

23:42:52 Build Finished (took 264ms)

